// Jest Snapshot v1, https://goo.gl/fbAQLP

exports[`addRoutes(routes) - adds routes to routesMap 1`] = `
Object {
  "location": Object {
    "entries": Array [
      Object {
        "hash": "",
        "key": "345678",
        "pathname": "/",
        "search": "",
        "state": Object {},
        "url": "/",
      },
    ],
    "hasSSR": undefined,
    "index": 0,
    "kind": "load",
    "length": 1,
    "pathname": "/",
    "payload": Object {},
    "prev": Object {
      "index": -1,
      "kind": "",
      "length": 0,
      "pathname": "",
      "payload": Object {},
      "type": "",
    },
    "routesMap": Object {
      "@@redux-first-router/NOT_FOUND": Object {
        "path": "/not-found",
      },
      "BAR": Object {
        "path": "/bar",
      },
      "FIRST": Object {
        "path": "/first",
      },
      "FOO": Object {
        "path": "/foo",
      },
      "SECOND": Object {
        "path": "/second/:param",
      },
      "THIRD": Object {
        "path": "/third",
      },
    },
    "type": "@@redux-first-router/NOT_FOUND",
  },
  "title": "@@redux-first-router/ADD_ROUTES",
}
`;
