exports[`test createLocationReducer() - maintains address bar pathname state and current + previous matched location-aware actions 1`] = `
Object {
  "backNext": true,
  "hasSSR": undefined,
  "history": Object {
    "entries": Array [
      "/second/bar",
    ],
    "index": 0,
    "length": 1,
  },
  "load": true,
  "pathname": "/second/bar",
  "payload": Object {
    "param": "bar",
  },
  "prev": Object {
    "pathname": "/first",
    "payload": Object {},
    "type": "FIRST",
  },
  "routesMap": Object {
    "FIRST": "/first/",
    "SECOND": "/second/:param",
  },
  "type": "SECOND",
}
`;
