// Jest Snapshot v1, https://goo.gl/fbAQLP

exports[`nestAction properly formats/nests action object 1`] = `
Object {
  "hash": "",
  "location": Object {
    "basename": "",
    "entries": Array [
      Object {
        "basename": "",
        "hash": "",
        "key": "345678",
        "pathname": "/path",
        "search": "",
        "state": Object {},
        "url": "/path",
      },
    ],
    "index": 0,
    "kind": "load",
    "length": 1,
    "pathname": "/path",
    "prev": Object {
      "params": Object {
        "bla": "prev",
      },
      "pathname": "previous",
      "type": "PREV",
    },
    "scene": "",
    "search": "",
    "status": 200,
    "url": "/path",
  },
  "meta": Object {
    "info": "something",
  },
  "params": Object {
    "bar": "baz",
  },
  "query": Object {},
  "state": Object {},
  "type": "FOO",
}
`;
