// Jest Snapshot v1, https://goo.gl/fbAQLP

exports[`nestAction properly formats/nests action object 1`] = `
Object {
  "kind": undefined,
  "meta": Object {
    "info": "something",
    "location": Object {
      "basename": undefined,
      "current": Object {
        "index": 0,
        "kind": undefined,
        "length": 1,
        "pathname": "/path",
        "payload": Object {
          "bar": "baz",
        },
        "type": "FOO",
      },
      "history": Object {
        "entries": Array [
          Object {
            "hash": "",
            "key": "345678",
            "pathname": "/",
            "search": "",
            "state": undefined,
          },
        ],
        "index": 0,
        "kind": undefined,
        "length": 1,
      },
      "kind": undefined,
      "prev": Object {
        "pathname": "previous",
        "payload": Object {
          "bla": "prev",
        },
        "type": "PREV",
      },
    },
  },
  "payload": Object {
    "bar": "baz",
  },
  "type": "FOO",
}
`;
