exports[`test nestAction(pathname, action, location) 1`] = `
Object {
  "meta": Object {
    "info": "something",
    "location": Object {
      "backNext": undefined,
      "current": Object {
        "pathname": "/path",
        "payload": Object {
          "bar": "baz",
        },
        "type": "FOO",
      },
      "history": Object {
        "entries": Array [
          "/",
          "/path",
        ],
        "index": 1,
        "length": 2,
      },
      "load": undefined,
      "prev": Object {
        "pathname": "previous",
        "payload": Object {
          "bla": "prev",
        },
        "type": "PREV",
      },
    },
  },
  "payload": Object {
    "bar": "baz",
  },
  "type": "FOO",
}
`;
